// Jest Snapshot v1, https://goo.gl/fbAQLP

exports[`<Tags /> renders correctly and matches snapshot 1`] = `
<div
  className="flex gap-2 items-center bg-[#312F3A] py-1.5 px-4 rounded-md mobile:px-3"
>
  <img
    src="https://example.com/icon.png"
  />
  <p
    className="text-base font-medium undefined"
  >
    This is a tag text
  </p>
</div>
`;
