// Jest Snapshot v1, https://goo.gl/fbAQLP

exports[`<BottomMenu /> renders correctly 1`] = `
[
  .c4 {
  position: relative;
  display: flex;
  align-items: center;
  justify-content: center;
  gap: 12px;
  color: #fff;
  height: 48px;
  cursor: pointer;
  transition: all .1s ease-in-out;
  font-weight: 400;
  letter-spacing: -0.5px;
  font-size: 14px;
}

.c4:first-child {
  margin-left: 17px;
}

.c4:last-child {
  margin-right: 17px;
}

.c4 span {
  display: none;
}

.c0 {
  margin: 0 auto;
  display: flex;
  align-items: center;
  justify-content: space-between;
  gap: 10px;
  position: fixed;
  bottom: 40px;
  left: 50%;
  z-index: 100;
  transform: translateX(-50%);
}

.c0:not(.c0:hover) .c3.active,
.c0 .c3:hover {
  padding: 0 13px;
  margin: 0;
  border-radius: 100px;
  background: rgba(216, 232, 255, 0.10);
}

.c0:not(.c0:hover) .c3.active span,
.c0 .c3:hover span {
  display: block;
}

.c1 {
  flex: 1;
  display: flex;
  align-items: center;
  justify-content: space-between;
  backdrop-filter: blur(5px);
  background: rgba(16,16,16,0.7);
  border-radius: 130px;
  padding: 6px 7px;
  width: 280px;
  height: 60px;
}

.c2 {
  flex: none;
  width: 60px;
  height: 60px;
}

.c2 .c3 {
  width: 48px;
}

.c2 .c3:first-child,
.c2 .c3:last-child {
  margin: 0;
}

.c2 .c3:hover {
  padding: 0;
}

<div
    className="c0"
  >
    <div
      className="c1 c2"
    >
      <div
        className="c3 c4 active"
        onClick={[Function]}
      >
        <svg />
      </div>
    </div>
    <div
      className="c1"
    >
      <div
        className="c3 c4"
        onClick={[Function]}
      >
        <svg />
        <span>
          Send
        </span>
      </div>
      <div
        className="c3 c4"
        onClick={[Function]}
      >
        <svg />
        <span>
          History
        </span>
      </div>
      <div
        className="c3 c4"
        onClick={[Function]}
      >
        <svg />
        <span>
          Account
        </span>
      </div>
      <div
        className="c3 c4"
        onClick={[Function]}
      >
        <svg />
        <span>
          Apps
        </span>
      </div>
    </div>
  </div>,
  .c0 {
  position: fixed;
  z-index: 98;
  top: 0;
  left: 0;
  width: 100%;
  height: 100%;
  transition: 100ms linear;
  backdrop-filter: blur(0px);
  display: none;
  align-items: flex-end;
  justify-content: center;
  padding-bottom: 114px;
  overflow: hidden;
}

.c1 {
  transition: 100ms linear;
  transform: translateY(1000px);
  display: flex;
  flex-direction: row;
  align-content: start;
  justify-content: start;
  width: 100%;
}

.c2 {
  align-self: flex-start;
  transform: translateX(calc(0 * -100vw));
  display: flex;
  flex-direction: row;
  align-content: start;
  justify-content: start;
}

.c3 {
  width: 100vw;
  display: flex;
  align-content: center;
  justify-content: center;
}

.c4 {
  width: 350px;
  min-height: 350px;
  display: inline-flex;
  align-items: center;
  justify-content: center;
  border-radius: 32px;
  padding: 34px 23px;
  background: rgba(16, 16, 16, 0.70);
  backdrop-filter: blur(5px);
  overflow: hidden;
}

<div
    className="c0"
  >
    <div
      className="c1"
    >
      <div
        className="c2"
      >
        <div
          className="c3"
        >
          <div
            className="c4"
          />
        </div>
        <div
          className="c3"
        >
          <div
            className="c4"
          />
        </div>
        <div
          className="c3"
        >
          <div
            className="c4"
          />
        </div>
        <div
          className="c3"
        >
          <div
            className="c4"
          />
        </div>
      </div>
    </div>
  </div>,
]
`;

exports[`<BottomMenu /> renders correctly if not authenticated 1`] = `null`;
