// Jest Snapshot v1, https://goo.gl/fbAQLP

exports[`<DisplayCollectionImage /> renders correctly and matches snapshot with image 1`] = `
<img
  alt="nft-image"
  className="test-class undefined"
  data-testid="display-collection-image"
  id="pillarx-feed-display-collection-image"
  onClick={[Function]}
  src="test-image.png"
/>
`;

exports[`<DisplayCollectionImage /> renders correctly and matches snapshot without image 1`] = `
<div
  className="overflow-hidden test-class undefined"
  data-testid="display-collection-image"
  id="pillarx-feed-display-collection-avatar"
  onClick={[Function]}
>
  <svg
    className="rounded-md"
    data-testid="display-collection-avatar"
    fill="none"
    role="img"
    viewBox="0 0 80 80"
    xmlns="http://www.w3.org/2000/svg"
  >
    <mask
      height={80}
      id=":r0:"
      maskUnits="userSpaceOnUse"
      width={80}
      x={0}
      y={0}
    >
      <rect
        fill="#FFFFFF"
        height={80}
        width={80}
      />
    </mask>
    <g
      mask="url(#:r0:)"
    >
      <rect
        fill="#C20D90"
        height={80}
        width={80}
      />
      <rect
        fill="#92A1C6"
        height={80}
        transform="translate(-2 -2) rotate(108 40 40)"
        width={80}
        x={10}
        y={30}
      />
      <circle
        cx={40}
        cy={40}
        fill="#146A7C"
        r={16}
        transform="translate(-9 -9)"
      />
      <line
        stroke="#F0AB3D"
        strokeWidth={2}
        transform="translate(16 -16) rotate(216 40 40)"
        x1={0}
        x2={80}
        y1={40}
        y2={40}
      />
    </g>
  </svg>
</div>
`;
