// Jest Snapshot v1, https://goo.gl/fbAQLP

exports[`<PortfolioOverview /> displays loading skeleton when data is loading 1`] = `
.c0 {
  height: 40px;
  width: 200px;
  animation: hLhBjP 1s linear infinite alternate;
  border-radius: 10px;
  margin-bottom: 54px;
}

.c1 {
  height: 77px;
  width: 180px;
  animation: hLhBjP 1s linear infinite alternate;
  border-radius: 10px;
  margin-bottom: 0;
}

.c2 {
  height: 36px;
  width: 150px;
  animation: hLhBjP 1s linear infinite alternate;
  border-radius: 10px;
  margin-bottom: 0;
}

.c3 {
  height: 36px;
  width: 190px;
  animation: hLhBjP 1s linear infinite alternate;
  border-radius: 10px;
  margin-bottom: 0;
}

.c4 {
  height: 36px;
  width: 80px;
  animation: hLhBjP 1s linear infinite alternate;
  border-radius: 10px;
  margin-bottom: 0;
}

<div
  className="flex bg-container_grey rounded-2xl p-10 gap-20 tablet:p-5 mobile:p-0 mobile:bg-[#1F1D23] mobile:flex-col mobile:gap-4"
>
  <div
    className="flex flex-col justify-between"
  >
    <div
      className="c0 mobile:hidden"
    />
    <div
      className="mobile:border mobile:border-[#312F3A] mobile:rounded-[10px] mobile:p-4 mobile:w-full"
    >
      <div
        className="c1"
      />
    </div>
  </div>
  <div
    className="flex w-full flex-col items-end justify-end mobile:justify-normal gap-5"
  >
    <div
      className="flex w-full gap-4 justify-end mobile:flex-row tablet:flex-col tablet:items-end mobile:flex-row mobile:justify-between mobile:items-start"
    >
      <div
        className="c2"
      />
      <div
        className="c3"
      />
    </div>
    <div
      className="c4"
    />
  </div>
</div>
`;

exports[`<PortfolioOverview /> renders correctly and matches snapshot 1`] = `
<div
  className="flex bg-container_grey rounded-2xl p-10 gap-20 tablet:p-5 mobile:p-0 mobile:bg-[#1F1D23] mobile:flex-col mobile:gap-4"
>
  <div
    className="flex flex-col justify-between"
  >
    <div
      className="flex gap-2.5 items-center mobile:hidden mb-[54px]"
    >
      <div
        className="bg-[#312F3A] p-2.5 rounded-full w-10 h-10"
      >
        <img
          className="w-full h-full"
          src={
            {
              "ReactComponent": {
                "$$typeof": Symbol(react.forward_ref),
                "render": [Function],
              },
              "default": "profile-icon.svg",
            }
          }
        />
      </div>
      <p
        className="text-base font-medium undefined"
      >
        wallet
        ...
        dress
      </p>
      <div
        className="w-4 h-4"
        onClick={[Function]}
      >
        <img
          className="cursor-pointer"
          src={
            {
              "ReactComponent": {
                "$$typeof": Symbol(react.forward_ref),
                "render": [Function],
              },
              "default": "copy-icon.svg",
            }
          }
          style={
            {
              "height": "full",
              "width": "full",
            }
          }
        />
      </div>
    </div>
    <div
      className="mobile:border mobile:border-[#312F3A] mobile:rounded-[10px] mobile:p-4 mobile:w-full"
    >
      <p
        className="text-base font-medium text-purple_light mb-2"
      >
        title.totalBalance
      </p>
      <div
        className="flex gap-4 items-end"
      >
        <h1
          className="text-3xl leading-[45px] font-medium mobile:text-xl mobile:leading-5 text-[50px]"
        >
          $
          1000.00
        </h1>
        <div
          className="flex gap-1 items-center"
        >
          <img
            className="w-[10px] h[9px]"
            src={
              {
                "ReactComponent": {
                  "$$typeof": Symbol(react.forward_ref),
                  "render": [Function],
                },
                "default": "triangle-up-green.svg",
              }
            }
          />
          <p
            className="text-sm font-medium text-percentage_green"
          >
            30.00
            %
          </p>
        </div>
      </div>
    </div>
  </div>
  <div
    className="flex w-full flex-col items-end justify-end mobile:justify-normal gap-5"
  >
    <div
      className="flex w-full gap-4 justify-end mobile:flex-row tablet:flex-col tablet:items-end mobile:flex-row mobile:justify-between"
    >
      <div
        className="flex gap-2 items-center bg-[#312F3A] py-1.5 px-4 rounded-md mobile:px-3"
      >
        <img
          src={
            {
              "ReactComponent": {
                "$$typeof": Symbol(react.forward_ref),
                "render": [Function],
              },
              "default": "blend-icon.svg",
            }
          }
        />
        <p
          className="text-base font-medium undefined"
        >
          0 label.tokens
        </p>
      </div>
      <div
        className="flex gap-2 items-center bg-[#312F3A] py-1.5 px-4 rounded-md mobile:px-3"
      >
        <img
          src={
            {
              "ReactComponent": {
                "$$typeof": Symbol(react.forward_ref),
                "render": [Function],
              },
              "default": "routing-icon.svg",
            }
          }
        />
        <p
          className="text-base font-medium undefined"
        >
          helper.across 0 helper.chainOne
        </p>
      </div>
    </div>
    0
  </div>
</div>
`;
