// Jest Snapshot v1, https://goo.gl/fbAQLP

exports[`<Main /> renders correctly 1`] = `
[
  <header
    className="home_header"
  >
    <div
      className="home_header__announcment"
    >
      <div
        className="container"
      >
        <div
          className="home_header__announcment__wrapper"
        >
          <p>
            ðŸš€ Secure Your Spot in the PillarX Testing Campaign!
          </p>
          <a
            className="plausible-event-name=Banner+Click"
            href="/waitlist"
          >
            Join the Waitlist
          </a>
        </div>
      </div>
    </div>
    <div
      className="home_header__main"
    >
      <div
        className="container"
      >
        <div
          className="home_header__main__wrapper"
        >
          <div
            className="home_header__main__logo"
          >
            <img
              src="/landing-images/home-logo.svg"
            />
          </div>
          <div
            className="home_header__main__menu"
          >
            <a
              href="/#developers"
            >
              For Developers
            </a>
            <a
              href="/waitlist"
            >
              Testing Campaign
            </a>
          </div>
          <div
            className="home_header__main__social"
          >
            <a
              href="https://twitter.com/PX_Web3"
              rel="noreferrer"
              target="_blank"
            >
              <img
                src="/landing-images/home-x.svg"
              />
            </a>
          </div>
        </div>
      </div>
    </div>
  </header>,
  <section
    className="home_hero"
  >
    <div
      className="container container--fluid"
    >
      <div
        className="home_hero__wrapper"
      >
        <div
          className="home_hero__content"
        >
          <h1>
            Introducing PillarX
          </h1>
          <p>
            Advancing the way you connect with Web3
          </p>
          <img
            src="/landing-images/home-hero.png"
          />
        </div>
      </div>
    </div>
  </section>,
  <section
    className="home_intro"
  >
    <div
      className="container"
    >
      <div
        className="home_intro__wrapper"
      >
        <div
          className="home_intro__content"
        >
          <h2>
            What is PX?
          </h2>
          <p>
            PillarX is the next evolution in the Pillar Project story, built on the pillars of controlling your assets and data, PillarX will provide an unparalleled experience in interacting with the Web3 ecosystem.
          </p>
        </div>
      </div>
    </div>
  </section>,
  <section
    className="home_feature"
  >
    <div
      className="container"
    >
      <div
        className="home_feature__wrapper"
      >
        <div
          className="home_feature__detail home_feature__detail--one"
        >
          <div
            className="home_feature__detail__copy"
          >
            <h2>
              Stay ahead withÂ the Infinite Information Loop
            </h2>
            <p>
              Scroll seamlessly and receive the latest Web3 news as it happens
            </p>
          </div>
          <div
            className="home_feature__detail__image"
          >
            <video
              autoPlay={true}
              loop={true}
              muted={true}
              playsInline={true}
              poster="/landing-images/home-feature-1.png"
              preload="none"
              width="100%"
            >
              <source
                src="/landing-images/home-feature-1.mp4"
                type="video/mp4"
              />
            </video>
          </div>
        </div>
        <div
          className="home_feature__detail home_feature__detail--two"
        >
          <div
            className="home_feature__detail__copy"
          >
            <h2>
              Everything at your fingertips with the PillarX Action Bar
            </h2>
            <p>
              Seamlessly manage transactions, assets, and explore dapps â€” all in one place!
            </p>
          </div>
          <div
            className="home_feature__detail__image"
          >
            <video
              autoPlay={true}
              loop={true}
              muted={true}
              playsInline={true}
              poster="/landing-images/home-feature-2.png"
              preload="none"
              width="100%"
            >
              <source
                src="/landing-images/home-feature-2.mp4"
                type="video/mp4"
              />
            </video>
          </div>
        </div>
        <div
          className="home_feature__detail home_feature__detail--flex home_feature__detail--three"
        >
          <div
            className="home_feature__detail__copy"
          >
            <h2>
              Simplify your transactions with Mix and Batch
            </h2>
            <p>
              Combine multiple transactions into one efficient batch with PillarX ðŸš€Â Hassle-free and super efficient!
            </p>
          </div>
          <div
            className="home_feature__detail__image"
          >
            <video
              autoPlay={true}
              loop={true}
              muted={true}
              playsInline={true}
              poster="/landing-images/home-feature-3.png"
              preload="none"
              width="100%"
            >
              <source
                src="/landing-images/home-feature-3.mp4"
                type="video/mp4"
              />
            </video>
          </div>
        </div>
      </div>
    </div>
  </section>,
  <section
    className="home_signup"
  >
    <div
      className="container"
    >
      <div
        className="home_signup__wrapper"
      >
        <div
          className="home_signup__content"
        >
          <h2>
            Be One of the First toÂ Experience PX
          </h2>
          <p>
            Secure your place as a pioneer â€“ Sign up for earlyÂ access!
          </p>
          <div
            className="home_signup__content__form"
          >
            <div
              className="home_signup__content__form__wrapper"
            >
              <div
                id="mc_embed_shell"
              >
                <div
                  id="mc_embed_signup"
                >
                  <form
                    action="https://pillarproject.us14.list-manage.com/subscribe/post?u=0056162978ccced9e0e2e2939&id=2b9a9790a3&f_id=0086c2e1f0"
                    className="validate"
                    id="mc-embedded-subscribe-form"
                    method="post"
                    name="mc-embedded-subscribe-form"
                    noValidate={true}
                    onSubmit={[Function]}
                    target="_self"
                  >
                    <div
                      id="mc_embed_signup_scroll"
                    >
                      <div
                        className="mc-field-group"
                      >
                        <div>
                          <input
                            className="required email sm:text-center font-custom"
                            id="mce-EMAIL"
                            name="EMAIL"
                            onChange={[Function]}
                            placeholder="Enter your email*"
                            required={true}
                            shape="round"
                            type="email"
                            value=""
                          />
                          <span
                            className="helper_text"
                            id="mce-EMAIL-HELPERTEXT"
                          />
                        </div>
                      </div>
                      <div
                        className="clear"
                        id="mce-responses"
                      >
                        <div
                          className="response display-none"
                          id="mce-error-response"
                        />
                        <div
                          className="response display-none"
                          id="mce-success-response"
                        />
                      </div>
                      <div
                        className="clear"
                      >
                        <input
                          id="mc-embedded-subscribe"
                          name="subscribe"
                          type="submit"
                          value="I am in!"
                        />
                      </div>
                    </div>
                  </form>
                </div>
              </div>
            </div>
            <p>
              Stay tuned! We'll be unveiling more details as we approach the official launch date. Follow us on 
              <a
                href="https://twitter.com/PX_Web3"
                rel="noreferrer"
                target="_blank"
              >
                X
              </a>
              .
            </p>
          </div>
        </div>
      </div>
    </div>
  </section>,
  <section
    className="home_build"
    id="developers"
  >
    <div
      className="container"
    >
      <div
        className="home_build__wrapper"
      >
        <div
          className="home_build__content"
        >
          <div
            className="home_build__content__left"
          >
            <h2>
              Build with PillarX
            </h2>
            <p>
              This is your chance to spotlight your project, engage with 100k+ Pillar community members, and be part of the journey towards a more trustless future leveraging Account Abstraction.
            </p>
          </div>
          <div
            className="home_build__content__right"
          >
            <h2>
              Fill out 
              <a
                className="plausible-event-name=Testing+Form"
                href="https://form.pillarx.app/dapp-application/"
                rel="noreferrer"
                target="_blank"
              >
                the form
              </a>
               to join our groundbreaking testing campaign.
            </h2>
          </div>
        </div>
        <div
          className="home_build__logo"
        >
          <img
            src="/landing-images/home-logo-px.svg"
          />
        </div>
      </div>
    </div>
  </section>,
  <footer
    className="home_footer"
  >
    <div
      className="container"
    >
      <div
        className="home_footer__wrapper"
      >
        <a
          href="https://twitter.com/PX_Web3"
          rel="noreferrer"
          target="_blank"
        >
          <img
            src="/landing-images/home-x.svg"
          />
        </a>
      </div>
    </div>
  </footer>,
  <div />,
]
`;
