// Jest Snapshot v1, https://goo.gl/fbAQLP

exports[`<App /> shows not found if app identifier is not within allowed apps 1`] = `
.c1 {
  padding: 13px 13px 13px;
  background: transparent;
  border: 1px solid rgba(226, 221, 255, 0.15);
  color: rgba(226, 221, 255, 0.9);
  margin-bottom: 15px;
  font-size: 12px;
  border-radius: 6px;
  min-height: 35px;
  display: flex;
  align-items: center;
}

.c1:last-child {
  margin-bottom: 0;
}

.c2 {
  display: inline-block;
  margin-right: 10px;
}

.c0 {
  display: flex;
  justify-content: center;
  align-items: center;
  flex-direction: column;
  padding: 50px 16px;
}

<div
  className="c0"
>
  <p
    className="c1"
  >
    <span
      className="c2"
    >
      <svg
        fill="none"
        height={18}
        viewBox="0 0 24 24"
        width={18}
        xmlns="http://www.w3.org/2000/svg"
      >
        <path
          d="M12 9v5M12 21.41H5.94c-3.47 0-4.92-2.48-3.24-5.51l3.12-5.62L8.76 5c1.78-3.21 4.7-3.21 6.48 0l2.94 5.29 3.12 5.62c1.68 3.03.22 5.51-3.24 5.51H12v-.01Z"
          stroke="currentColor"
          strokeLinecap="round"
          strokeLinejoin="round"
          strokeWidth="1.5"
        />
        <path
          d="M11.995 17h.009"
          stroke="currentColor"
          strokeLinecap="round"
          strokeLinejoin="round"
          strokeWidth="2"
        />
      </svg>
    </span>
    Page not found
  </p>
</div>
`;

exports[`<App /> successfully loads app by identifier 1`] = `
.c1 {
  padding: 13px 13px 13px;
  background: transparent;
  border: 1px solid rgba(226, 221, 255, 0.15);
  color: rgba(226, 221, 255, 0.9);
  margin-bottom: 15px;
  font-size: 12px;
  border-radius: 6px;
  min-height: 35px;
  display: flex;
  align-items: center;
}

.c1:last-child {
  margin-bottom: 0;
}

.c2 {
  display: inline-block;
  margin-right: 10px;
}

.c0 {
  display: flex;
  justify-content: center;
  align-items: center;
  flex-direction: column;
  padding: 50px 16px;
}

<div
  className="c0"
>
  <p
    className="c1"
  >
    <span
      className="c2"
    >
      <svg
        fill="none"
        height={18}
        viewBox="0 0 24 24"
        width={18}
        xmlns="http://www.w3.org/2000/svg"
      >
        <path
          d="M12 9v5M12 21.41H5.94c-3.47 0-4.92-2.48-3.24-5.51l3.12-5.62L8.76 5c1.78-3.21 4.7-3.21 6.48 0l2.94 5.29 3.12 5.62c1.68 3.03.22 5.51-3.24 5.51H12v-.01Z"
          stroke="currentColor"
          strokeLinecap="round"
          strokeLinejoin="round"
          strokeWidth="1.5"
        />
        <path
          d="M11.995 17h.009"
          stroke="currentColor"
          strokeLinecap="round"
          strokeLinejoin="round"
          strokeWidth="2"
        />
      </svg>
    </span>
    Page not found
  </p>
</div>
`;
